/home/zcemml1/medtronic_qat/Medtronics-UCL-QAT/scripts/benchmark/benchmark_latency_trt.py:15: FutureWarning: The pynvml package is deprecated. Please install nvidia-ml-py instead. If you did not install pynvml directly, please report this to the maintainers of the package that installed pynvml for you.
  import pynvml
------------------------------------------------------------
GPU gate
------------------------------------------------------------
Target physical GPU 1: NVIDIA A100-SXM4-80GB
Compute processes: none
Utilisation samples (%): [0, 0, 0, 0, 0]  peak=0
Memory used: 781 MiB of 81920 MiB
Gate passed: GPU is idle (exclusive).

============================================================
TensorRT FP32 engine latency benchmark (pooled percentiles)
============================================================
Host: geneva.ee.ucl.ac.uk
Engine: /home/zcemml1/medtronic_qat/Medtronics-UCL-QAT/experiments/qat_iteration_2/sweeps/V2_lr0_1e-2/best_qat_int8.engine
Physical NVML index: 1
Image size: 640  Confidence: 0.25
Repeats: 10  Warmup images: 30
TensorRT: 10.16.1.11

Preloading images into RAM...
Loaded 100 images into RAM.

Loading engine once...
Engine loaded.

Warmup...
Warmup complete.

Run 1/10
  images: 100   mean total: 9.605 ms   min: 5.389   max: 21.693
  gpu snapshot: util_peak=22%  mem_peak=1259 MiB  other_compute_procs=0
  saved per-image CSV: /home/zcemml1/medtronic_qat_data/runs_sanoscience/benchmark_latency_trt_qat_int8_seed42_run1.csv

Run 2/10
  images: 100   mean total: 6.657 ms   min: 5.293   max: 15.196
  gpu snapshot: util_peak=34%  mem_peak=1259 MiB  other_compute_procs=0
  saved per-image CSV: /home/zcemml1/medtronic_qat_data/runs_sanoscience/benchmark_latency_trt_qat_int8_seed42_run2.csv

Run 3/10
  images: 100   mean total: 7.261 ms   min: 4.464   max: 12.767
  gpu snapshot: util_peak=36%  mem_peak=1259 MiB  other_compute_procs=0
  saved per-image CSV: /home/zcemml1/medtronic_qat_data/runs_sanoscience/benchmark_latency_trt_qat_int8_seed42_run3.csv

Run 4/10
  images: 100   mean total: 6.109 ms   min: 3.545   max: 10.100
  gpu snapshot: util_peak=34%  mem_peak=1259 MiB  other_compute_procs=0
  saved per-image CSV: /home/zcemml1/medtronic_qat_data/runs_sanoscience/benchmark_latency_trt_qat_int8_seed42_run4.csv

Run 5/10
  images: 100   mean total: 5.795 ms   min: 3.366   max: 16.703
  gpu snapshot: util_peak=37%  mem_peak=1259 MiB  other_compute_procs=0
  saved per-image CSV: /home/zcemml1/medtronic_qat_data/runs_sanoscience/benchmark_latency_trt_qat_int8_seed42_run5.csv

Run 6/10
  images: 100   mean total: 6.858 ms   min: 4.600   max: 28.649
  gpu snapshot: util_peak=37%  mem_peak=1259 MiB  other_compute_procs=0
  saved per-image CSV: /home/zcemml1/medtronic_qat_data/runs_sanoscience/benchmark_latency_trt_qat_int8_seed42_run6.csv

Run 7/10
  images: 100   mean total: 6.935 ms   min: 6.255   max: 18.052
  gpu snapshot: util_peak=42%  mem_peak=1259 MiB  other_compute_procs=0
  saved per-image CSV: /home/zcemml1/medtronic_qat_data/runs_sanoscience/benchmark_latency_trt_qat_int8_seed42_run7.csv

Run 8/10
  images: 100   mean total: 6.016 ms   min: 3.887   max: 14.475
  gpu snapshot: util_peak=43%  mem_peak=1259 MiB  other_compute_procs=0
  saved per-image CSV: /home/zcemml1/medtronic_qat_data/runs_sanoscience/benchmark_latency_trt_qat_int8_seed42_run8.csv

Run 9/10
  images: 100   mean total: 5.417 ms   min: 3.096   max: 13.142
  gpu snapshot: util_peak=39%  mem_peak=1259 MiB  other_compute_procs=0
  saved per-image CSV: /home/zcemml1/medtronic_qat_data/runs_sanoscience/benchmark_latency_trt_qat_int8_seed42_run9.csv

Run 10/10
  images: 100   mean total: 7.128 ms   min: 5.311   max: 19.925
  gpu snapshot: util_peak=47%  mem_peak=1259 MiB  other_compute_procs=0
  saved per-image CSV: /home/zcemml1/medtronic_qat_data/runs_sanoscience/benchmark_latency_trt_qat_int8_seed42_run10.csv
Provenance: /home/zcemml1/medtronic_qat_data/runs_sanoscience/benchmark_latency_trt_qat_int8_seed42_pooled_summary.provenance.json

============================================================
Pooled latency summary (TensorRT QAT_INT8 engine)
============================================================
Runs: 10   Images/run: 100   Pooled samples: 1000
CSV summary: /home/zcemml1/medtronic_qat_data/runs_sanoscience/benchmark_latency_trt_qat_int8_seed42_pooled_summary.csv

Stage             Mean       Std    Median       Min       P95       P99       Max
----------------------------------------------------------------------------------
Preprocess       3.291     1.672     3.049     1.240     7.806     8.541    14.708
Inference        3.460     1.257     4.046     1.773     4.577     5.596    16.643
H2D(GPU)         1.820     1.119     2.496     0.319     2.771     3.207    14.820
Kernel(GPU)      1.575     0.416     1.560     1.405     1.748     2.144    11.217
D2H(GPU)         0.036     0.333     0.021     0.013     0.029     0.042     9.368
GPUlatency       3.431     1.254     4.018     1.748     4.534     5.567    16.615
Postprocess      0.027     0.008     0.025     0.022     0.034     0.043     0.214
Total            6.778     2.284     6.721     3.096    11.701    13.778    28.649
----------------------------------------------------------------------------------
Approx FPS (from pooled Total median): 148.80

------------------------------------------------------------
Per-repeat GPU snapshot (contention check)
------------------------------------------------------------
No other compute processes seen on any repeat: all clean.
Done.
