============================================================
ONNX -> TensorRT engine  (FP16)
============================================================
ONNX:       /home/zcemml1/medtronic_qat/Medtronics-UCL-QAT/runs_week8/week8_frozen_head/weights/best.onnx
Engine:     /home/zcemml1/medtronic_qat/Medtronics-UCL-QAT/runs_week8/week8_frozen_head/weights/best_fp16.engine
DEVICE:     3 (NVIDIA A100-SXM4-80GB)
TensorRT:   10.16.1.11
Workspace:  8.0 GiB

Parsing ONNX...
  parsed OK: 469 layers
  precision=fp16  fp16_flag=True  int8_flag=False  tf32_enabled=False

Building FP16 engine (kernel autotuning on GPU 3)...
  build (autotune) took 250.5 s

Layer output-datatype breakdown:
  Half        226  (99.6%)
  Int32         2  (0.9%)
  Int64         1  (0.4%)
  Float         1  (0.4%)

Saved engine: /home/zcemml1/medtronic_qat/Medtronics-UCL-QAT/runs_week8/week8_frozen_head/weights/best_fp16.engine (7.0 MB)

Engine I/O tensors:
  INPUT  images     [1, 3, 640, 640]  FLOAT
  OUTPUT output0    [1, 300, 6]  FLOAT

Provenance: /home/zcemml1/medtronic_qat/Medtronics-UCL-QAT/runs_week8/week8_frozen_head/weights/best_fp16.engine.provenance.json

DONE -- FP16 engine built and deserialised cleanly on GPU 3.
NOTE: this is a build + validity check, not an accuracy or latency measurement.
