============================================================
FP32 YOLO26n -> ONNX export with PyTorch<->ONNX parity gate
============================================================
Model: /home/zcemml1/medtronic_qat/Medtronics-UCL-QAT/runs_week8/week8_frozen_head/weights/best.pt
imgsz: 640  batch: 1  dynamic: False  half: False  opset: 17  simplify: True
NOTE: simplify=True but onnxslim is not installed; Ultralytics will skip simplification. Install onnxslim to enable it.

Exporting...
WARNING ⚠️ 'half' is deprecated and will be removed in the future. Use 'quantize' instead.
Ultralytics 8.4.90 🚀 Python-3.11.13 torch-2.7.0+cu128 CPU (AMD EPYC 7543 32-Core Processor)
YOLO26n summary (fused): 122 layers, 2,375,031 parameters, 0 gradients, 5.2 GFLOPs

[34m[1mPyTorch:[0m starting from '/home/zcemml1/medtronic_qat/Medtronics-UCL-QAT/runs_week8/week8_frozen_head/weights/best.pt' with input shape (1, 3, 640, 640) BCHW and output shape(s) (1, 300, 6) (5.1 MB)
[31m[1mrequirements:[0m Ultralytics requirement ['onnxslim>=0.1.82'] not found, attempting AutoUpdate...
Collecting onnxslim>=0.1.82
  Downloading onnxslim-0.1.96-py3-none-any.whl.metadata (11 kB)
Collecting colorama (from onnxslim>=0.1.82)
  Downloading colorama-0.4.6-py2.py3-none-any.whl.metadata (17 kB)
Requirement already satisfied: ml-dtypes in /home/zcemml1/venvs/medtronic-qat-p311/lib64/python3.11/site-packages (from onnxslim>=0.1.82) (0.5.4)
Requirement already satisfied: onnx in /home/zcemml1/venvs/medtronic-qat-p311/lib64/python3.11/site-packages (from onnxslim>=0.1.82) (1.17.0)
Requirement already satisfied: packaging in /home/zcemml1/venvs/medtronic-qat-p311/lib64/python3.11/site-packages (from onnxslim>=0.1.82) (26.2)
Requirement already satisfied: sympy>=1.13.1 in /home/zcemml1/venvs/medtronic-qat-p311/lib64/python3.11/site-packages (from onnxslim>=0.1.82) (1.14.0)
Requirement already satisfied: mpmath<1.4,>=1.1.0 in /home/zcemml1/venvs/medtronic-qat-p311/lib64/python3.11/site-packages (from sympy>=1.13.1->onnxslim>=0.1.82) (1.3.0)
Requirement already satisfied: numpy>=1.21 in /home/zcemml1/venvs/medtronic-qat-p311/lib64/python3.11/site-packages (from ml-dtypes->onnxslim>=0.1.82) (1.26.4)
Requirement already satisfied: protobuf>=3.20.2 in /home/zcemml1/venvs/medtronic-qat-p311/lib64/python3.11/site-packages (from onnx->onnxslim>=0.1.82) (7.35.1)
Downloading onnxslim-0.1.96-py3-none-any.whl (239 kB)
Downloading colorama-0.4.6-py2.py3-none-any.whl (25 kB)
Installing collected packages: colorama, onnxslim

Successfully installed colorama-0.4.6 onnxslim-0.1.96

[notice] A new release of pip is available: 26.1.2 -> 26.2.1
[notice] To update, run: /home/zcemml1/venvs/medtronic-qat-p311/bin/python -m pip install --upgrade pip

[31m[1mrequirements:[0m AutoUpdate success ✅ 4.3s
WARNING ⚠️ [31m[1mrequirements:[0m [1mRestart runtime or rerun command for updates to take effect[0m


[34m[1mONNX:[0m starting export with onnx 1.17.0 opset 17...
/home/zcemml1/venvs/medtronic-qat-p311/lib64/python3.11/site-packages/torch/onnx/symbolic_opset9.py:5350: UserWarning: Exporting aten::index operator of advanced indexing in opset 17 is achieved by combination of multiple ONNX operators, including Reshape, Transpose, Concat, and Gather. If indices include negative values, the exported graph will produce incorrect results.
  warnings.warn(
[34m[1mONNX:[0m slimming with onnxslim 0.1.96...
[34m[1mONNX:[0m export success ✅ 6.9s, saved as '/home/zcemml1/medtronic_qat/Medtronics-UCL-QAT/runs_week8/week8_frozen_head/weights/best.onnx' (9.4 MB)

Export complete (7.4s)
Results saved to [1m/home/zcemml1/medtronic_qat/Medtronics-UCL-QAT/runs_week8/week8_frozen_head/weights/best.onnx[0m
Predict:         yolo predict task=detect model=/home/zcemml1/medtronic_qat/Medtronics-UCL-QAT/runs_week8/week8_frozen_head/weights/best.onnx imgsz=640 
Validate:        yolo val task=detect model=/home/zcemml1/medtronic_qat/Medtronics-UCL-QAT/runs_week8/week8_frozen_head/weights/best.onnx imgsz=640 data=/home/zcemml1/medtronic_qat_data/datasets/sanoscience_yolo_full_nonexpert_stereo/sanoscience_yolo.yaml  
Visualize:       https://netron.app
Exported: /home/zcemml1/medtronic_qat/Medtronics-UCL-QAT/runs_week8/week8_frozen_head/weights/best.onnx (7.4 s)
opset in model: 17   input shape: [1, 3, 640, 640]   simplify ran: False

Parity on 16 frames (CPU), conf=0.25, box_iou_min=0.98, coord_atol=1.0px, conf_atol=0.001
------------------------------------------------------------------------------
frame                                coord_d    conf_d  min_iou pt_box onnx_box    
------------------------------------------------------------------------------
episode_001283_left_00078.jpg       0.00e+00  0.00e+00     -         0        0PASS
episode_001291_left_00000.jpg       3.05e-05  1.13e-06   1.0000      2        2PASS
episode_001291_left_00078.jpg       3.05e-05  1.04e-06   1.0000      3        3PASS
episode_001292_left_00114.jpg       3.05e-05  3.16e-06   1.0000      3        3PASS
episode_001293_left_00084.jpg       0.00e+00  0.00e+00     -         0        0PASS
episode_001298_left_00054.jpg       3.05e-05  2.65e-06   1.0000      6        6PASS
episode_001299_left_00048.jpg       3.05e-05  1.19e-07   1.0000      1        1PASS
episode_001308_left_00114.jpg       6.10e-05  2.38e-07   1.0000      3        3PASS
episode_001309_left_00084.jpg       3.05e-05  2.21e-06   1.0000      3        3PASS
episode_001312_left_00084.jpg       2.29e-05  5.96e-07   1.0000      1        1PASS
episode_001313_left_00006.jpg       3.05e-05  1.58e-06   1.0000      2        2PASS
episode_001316_left_00006.jpg       3.05e-05  1.25e-06   1.0000      3        3PASS
episode_001318_left_00036.jpg       3.05e-05  2.71e-06   1.0000      1        1PASS
episode_001318_left_00084.jpg       7.63e-06  6.56e-07   1.0000      1        1PASS
episode_001319_left_00108.jpg       0.00e+00  1.22e-06   1.0000      1        1PASS
episode_001321_left_00066.jpg       3.05e-05  7.66e-06   1.0000      4        4PASS
------------------------------------------------------------------------------
matched-pair max_coord_diff=6.104e-05px  max_conf_diff=7.659e-06  (coord_atol=1.0, conf_atol=0.001)   =>   PASS
Provenance: /home/zcemml1/medtronic_qat/Medtronics-UCL-QAT/runs_week8/week8_frozen_head/weights/best.onnx.provenance.json

PARITY PASSED - ONNX matches PyTorch within tolerance. Safe for the TensorRT step (next, separately).
