============================================================
mAP on val100  (MODE=engine)
============================================================
Target:  experiments/week8_frozen_qat/qat0/best_qat_int8.engine
Images:  /home/zcemml1/medtronic_qat_data/datasets/sanoscience_yolo_full_nonexpert_stereo/images/val
Labels:  /home/zcemml1/medtronic_qat_data/datasets/sanoscience_yolo_full_nonexpert_stereo/labels/val
conf:    0.001   imgsz: 640   max_dets: 300
DEVICE:  3

Ground truth: 6449 images, 14517 boxes
Detections:   338356 above conf 0.001
Max dets on any image: 191  (cap 300, not binding)
creating index...
index created!
Loading and preparing results...
DONE (t=0.90s)
creating index...
index created!

Running per image evaluation...
Evaluate annotation type *bbox*
DONE (t=11.76s).
Accumulating evaluation results...
DONE (t=3.33s).
 Average Precision  (AP) @[ IoU=0.50:0.95 | area=   all | maxDets=100 ] = -1.000
 Average Precision  (AP) @[ IoU=0.50      | area=   all | maxDets=300 ] = 0.691
 Average Precision  (AP) @[ IoU=0.75      | area=   all | maxDets=300 ] = 0.552
 Average Precision  (AP) @[ IoU=0.50:0.95 | area= small | maxDets=300 ] = 0.308
 Average Precision  (AP) @[ IoU=0.50:0.95 | area=medium | maxDets=300 ] = 0.448
 Average Precision  (AP) @[ IoU=0.50:0.95 | area= large | maxDets=300 ] = 0.565
 Average Recall     (AR) @[ IoU=0.50:0.95 | area=   all | maxDets=  1 ] = 0.273
 Average Recall     (AR) @[ IoU=0.50:0.95 | area=   all | maxDets= 10 ] = 0.695
 Average Recall     (AR) @[ IoU=0.50:0.95 | area=   all | maxDets=300 ] = 0.758
 Average Recall     (AR) @[ IoU=0.50:0.95 | area= small | maxDets=300 ] = 0.413
 Average Recall     (AR) @[ IoU=0.50:0.95 | area=medium | maxDets=300 ] = 0.724
 Average Recall     (AR) @[ IoU=0.50:0.95 | area= large | maxDets=300 ] = 0.847

------------------------------------------------------------
mAP50           0.6906
mAP50-95        0.4892
------------------------------------------------------------
mAP record: experiments/week8_frozen_qat/qat0/best_qat_int8.engine.map_full.json
